// Jest Snapshot v1, https://goo.gl/fbAQLP

exports[`render app should be render 1`] = `<Routes />`;
